datetime	main_sha	bundle_hash	art_file_count	status
2026-09-17T17:05:17.729Z	main=aaf8362	bundle=CSiXxKaL	artFiles=637	status=ok
2026-09-18T09:49:15.960Z	main=0c45fc8	bundle=ao4ArGLN	artFiles=915	status=ok
2026-09-18T19:50:48.793Z	main=822ae16	bundle=CkGRZzci	artFiles=593	status=ok
2026-09-19T08:51:48.759Z	main=5a82e71	bundle=CF_L2xLd	artFiles=521	status=ok
2026-09-20T01:17:55.469Z	main=7191674	bundle=hko3Xov1	artFiles=514	status=ok
2026-09-21T16:43:41.239Z	main=fd0ae96	bundle=BscpFDXN	artFiles=514	status=ok	override=owner
2026-09-21T18:24:26.533Z	main=8f48237	bundle=D260C6cS	artFiles=534	status=ok
2026-09-22T03:48:38.668Z	main=1b33971	bundle=BvhtVfzJ	artFiles=618	status=ok	override=owner
2026-09-23T11:55:36.724Z	main=5ddfde3	bundle=Jw5R1yWQ	artFiles=600	status=ok	override=owner
2026-09-23T21:29:50.977Z	main=5348c2e3	bundle=CcBx7HBL	artFiles=582	status=ok	override=owner
2026-09-24T00:25:28.877Z	main=d9decadb	bundle=B4_kxWCJ	artFiles=582	status=ok	override=owner
2026-09-24T05:36:35.655Z	main=76f587c3	bundle=81kxOXnv	artFiles=586	status=ok	override=owner
2026-09-24T17:52:00.647Z	main=bcbdb483	bundle=D_Y69PMP	artFiles=582	status=ok	override=owner
2026-09-24T20:27:32.633Z	main=dc2669ac	bundle=CzzK-khs	artFiles=582	status=ok	override=owner
2026-09-24T23:01:41.082Z	main=e3b8c2a3	bundle=CXcGU7y1	artFiles=582	status=ok	override=owner
2026-09-24T23:47:16.220Z	main=a999d133	bundle=Ji5E4fD0	artFiles=616	status=ok	override=owner
2026-09-25T04:06:34.435Z	main=1c22066e	bundle=l_HXObKO	artFiles=618	status=ok	override=owner
2026-09-25T05:54:55.313Z	main=5be4babe	bundle=Dat8v42m	artFiles=666	status=ok	override=owner
2026-09-25T15:24:29.268Z	main=fc7f1a20	bundle=BQnfWT0X	artFiles=666	status=ok	override=owner
2026-09-25T20:06:18.484Z	main=e45ed3c1	bundle=RSsiNs7I	artFiles=708	status=ok	override=owner
2026-09-25T21:30:13.157Z	main=1a680e41	bundle=BVdUtZb-	artFiles=708	status=ok	override=owner
2026-09-26T06:27:00.994Z	main=b975397b	bundle=Dd1Fjf8_	artFiles=708	status=ok	override=owner
2026-09-26T15:13:24.643Z	main=43dca986	bundle=D56B92vC	artFiles=708	status=ok	override=owner
2026-09-26T18:20:35.740Z	main=ce05b02c	bundle=i8Mr-QwD	artFiles=754	status=ok	override=owner
2026-09-27T02:19:19.924Z	main=d8837334	bundle=DlL4YDmM	artFiles=768	status=ok	override=owner
2026-09-27T13:29:41.479Z	main=a44297ca	bundle=DLvZcIgF	artFiles=588	status=ok	override=owner
2026-09-27T14:18:06.663Z	main=ff3884fb	bundle=BfW8CHQs	artFiles=588	status=ok	override=owner
2026-09-27T18:03:37.241Z	main=bc4e70ee	bundle=C-3hBxzq	artFiles=588	status=ok	override=owner
2026-09-27T21:16:26.666Z	main=79adc4ff	bundle=ykS1QEe6	artFiles=596	status=ok	override=owner
2026-09-28T04:10:57.130Z	main=d89541b6	bundle=eoq6aKmL	artFiles=632	status=ok	override=owner
2026-09-28T09:34:58.934Z	main=be1e964a	bundle=9QdEMZik	artFiles=632	status=ok	override=owner
2026-09-28T10:12:27.114Z	main=6ea8528f	bundle=DecUADzw	artFiles=632	status=ok	override=owner
2026-09-29T11:37:06.473Z	main=49005f73	bundle=C73AJ1Ds	artFiles=632	status=ok	override=owner
2026-09-29T17:03:06.173Z	main=1475ff6b	bundle=B0cfXTil	artFiles=700	status=ok	override=owner
2026-09-29T18:32:37.226Z	main=52a431d0	bundle=C_4T6wOX	artFiles=700	status=ok	override=owner
2026-09-30T08:39:30.884Z	main=1a6fd3cc	bundle=ChAAAZ-I	artFiles=700	status=ok	override=owner
2026-10-01T03:08:40.421Z	main=f302f163	bundle=DCYkAkI-	artFiles=700	status=ok	override=owner
